// Jest Snapshot v1, https://goo.gl/fbAQLP

exports[`examples/main another-blog/* should render base info of blog 1`] = `null`;

exports[`examples/main another-blog/* should render blog content 1`] = `
"
      <h1 id=\\"another-blog\\">Another blog</h1>
<p>6</p>
<p>Amazing blog right</p>
    "
`;

exports[`examples/main dist/index.html should render basic maths and Abell Variables 1`] = `
"
      <div>JS Test 11</div>
      <div>Include from JSON Test hi I am from JSON</div>
      <div>globalMeta Test Abell standard example</div>
      <div>root test </div>
      <div>path test </div>
    "
`;

exports[`examples/main dist/index.html should render contentArray loop 1`] = `
"
      contentArray Test
      <div>
        <div>
                <span class=\\"data-title\\">sub-blog (new-blog/sub-blog)</span>
                <span class=\\"data-createdat\\">true</span>
                <span class=\\"data-modifiedat\\">true</span>
                <span class=\\"data-foo\\">undefined</span>
              </div>
            
              <div>
                <span class=\\"data-title\\">new-blog (new-blog)</span>
                <span class=\\"data-createdat\\">true</span>
                <span class=\\"data-modifiedat\\">true</span>
                <span class=\\"data-foo\\">undefined</span>
              </div>
            
              <div>
                <span class=\\"data-title\\">Another blog (another-blog)</span>
                <span class=\\"data-createdat\\">true</span>
                <span class=\\"data-modifiedat\\">true</span>
                <span class=\\"data-foo\\">bar</span>
              </div>
      </div>
    "
`;

exports[`examples/main new-blog/ sub-blog/ should render expected blog content in index.html 1`] = `
"
      <h1 id=\\"inside-the-new-blog\\">Inside the new blog</h1>
<p>../..</p>
<p><a href=\\"hello\\">sub-blog/hello</a></p>
<p>{{ escape this blog }}</p>
<p>4</p>
    "
`;
