// Jest Snapshot v1, https://goo.gl/fbAQLP

exports[`examples/main dist/index.html should render basic maths and Abell Variables 1`] = `
"
      <div>JS Test 11</div>
      <div>Include from JSON Test hi I am from JSON</div>
      <div>globalMeta Test Abell standard example</div>
      <div>root test </div>
      <div>path test </div>
    "
`;

exports[`examples/main dist/index.html should render contentArray loop 1`] = `
"
      contentArray Test
      <div>
        <div>
                <span class=\\"data-title\\">sub-blog (new-blog/sub-blog)</span>
                <span class=\\"data-createdat\\">true</span>
                <span class=\\"data-modifiedat\\">true</span>
                <span class=\\"data-foo\\">undefined</span>
              </div>
            
              <div>
                <span class=\\"data-title\\">new-blog (new-blog)</span>
                <span class=\\"data-createdat\\">true</span>
                <span class=\\"data-modifiedat\\">true</span>
                <span class=\\"data-foo\\">undefined</span>
              </div>
            
              <div>
                <span class=\\"data-title\\">My First Blog (my-first-blog)</span>
                <span class=\\"data-createdat\\">true</span>
                <span class=\\"data-modifiedat\\">true</span>
                <span class=\\"data-foo\\">Coming from JavaScript meta file</span>
              </div>
            
              <div>
                <span class=\\"data-title\\">Another blog (another-blog)</span>
                <span class=\\"data-createdat\\">true</span>
                <span class=\\"data-modifiedat\\">true</span>
                <span class=\\"data-foo\\">bar</span>
              </div>
      </div>
    "
`;
