// Jest Snapshot v1, https://goo.gl/fbAQLP

exports[`utils/build-utils.js #renderMarkdown() should return HTML of the md file in given path 1`] = `
"<h1 id=\\"top-level-indexmd\\">Top level index.md</h1>
<p>This is sample indexmd file</p>
<p><a href=\\"actuallink.com\\">Link Title</a></p>
<p><img src=\\"image.png\\" alt=\\"image alt tag\\"></p>
<p>this is nice</p>
<p>Print Title here: Abell Test Title Check</p>
"
`;
